5月 26, 2025 10:04:14 午後 com.example.web.etc.sta.Log log
警告: File not found: D:\make\java\20240729\web\content\anime-web\upload\img\thumbnail\アイドル天使ようこそようこ.avif
5月 26, 2025 10:04:14 午後 com.example.web.etc.sta.Log log
警告: File not found: D:\make\java\20240729\web\content\anime-web\upload\img\thumbnail\アイカツプラネット！.avif
5月 26, 2025 10:04:14 午後 com.example.web.etc.sta.Log log
警告: File not found: D:\make\java\20240729\web\content\anime-web\upload\img\thumbnail\アークナイツ.avif
5月 26, 2025 10:04:14 午後 com.example.web.etc.sta.Log log
警告: File not found: D:\make\java\20240729\web\content\anime-web\upload\img\thumbnail\アイドルタイムプリパラ.avif
5月 26, 2025 10:04:14 午後 com.example.web.etc.sta.Log log
警告: File not found: D:\make\java\20240729\web\content\anime-web\upload\img\thumbnail\アイカツスターズ！.avif
5月 26, 2025 10:04:14 午後 com.example.web.etc.sta.Log log
警告: File not found: D:\make\java\20240729\web\content\anime-web\upload\img\thumbnail\アイ★チュウ.avif
5月 26, 2025 10:04:14 午後 com.example.web.etc.sta.Log log
警告: File not found: D:\make\java\20240729\web\content\anime-web\upload\img\thumbnail\アイカツフレンズ！.avif
5月 26, 2025 10:04:14 午後 com.example.web.etc.sta.Log log
警告: File not found: D:\make\java\20240729\web\content\anime-web\upload\img\thumbnail\アイドールズ.avif
5月 26, 2025 10:04:14 午後 com.example.web.etc.sta.Log log
警告: File not found: D:\make\java\20240729\web\content\anime-web\upload\img\thumbnail\アイドリープライド.avif
5月 26, 2025 10:04:14 午後 com.example.web.etc.sta.Log log
警告: File not found: D:\make\java\20240729\web\content\anime-web\upload\img\thumbnail\魔法つかいプリキュア！！　～ＭＩＲＡＩ　ＤＡＹＳ～.avif
5月 26, 2025 10:04:14 午後 com.example.web.etc.sta.Log log
警告: File not found: D:\make\java\20240729\web\content\anime-web\upload\img\thumbnail\ひろがるスカイ！プリキュア.avif
5月 26, 2025 10:04:14 午後 com.example.web.etc.sta.Log log
警告: File not found: D:\make\java\20240729\web\content\anime-web\upload\img\thumbnail\片田舎のおっさん、剣聖になる.avif
5月 26, 2025 10:04:14 午後 com.example.web.etc.sta.Log log
警告: File not found: D:\make\java\20240729\web\content\anime-web\upload\img\thumbnail\わんだふるぷりきゅあ！.avif
5月 26, 2025 10:04:14 午後 com.example.web.etc.sta.Log log
警告: File not found: D:\make\java\20240729\web\content\anime-web\upload\img\thumbnail\デリシャスパーティ・プリキュア.avif
5月 26, 2025 10:04:14 午後 com.example.web.etc.sta.Log log
警告: File not found: D:\make\java\20240729\web\content\anime-web\upload\img\thumbnail\クッキンアイドル　アイ！マイ！まいん！.avif
5月 26, 2025 10:04:14 午後 com.example.web.etc.sta.Log log
警告: File not found: D:\make\java\20240729\web\content\anime-web\upload\img\thumbnail\その着せ替え人形は恋をする.avif
5月 26, 2025 10:04:14 午後 com.example.web.etc.sta.Log log
警告: File not found: D:\make\java\20240729\web\content\anime-web\upload\img\thumbnail\mono.avif
5月 26, 2025 10:04:14 午後 com.example.web.etc.sta.Log log
警告: File not found: D:\make\java\20240729\web\content\anime-web\upload\img\thumbnail\小市民シリーズ.avif
5月 26, 2025 10:04:14 午後 com.example.web.etc.sta.Log log
警告: File not found: D:\make\java\20240729\web\content\anime-web\upload\img\thumbnail\Ｄｒ．ＳＴＯＮＥ.avif
5月 26, 2025 10:04:14 午後 com.example.web.etc.sta.Log log
警告: File not found: D:\make\java\20240729\web\content\anime-web\upload\img\thumbnail\アポカリプスホテル.avif
5月 26, 2025 10:04:14 午後 com.example.web.etc.sta.Log log
警告: File not found: D:\make\java\20240729\web\content\anime-web\upload\img\thumbnail\忍者と殺し屋のふたりぐらし.avif
5月 26, 2025 10:04:14 午後 com.example.web.etc.sta.Log log
警告: File not found: D:\make\java\20240729\web\content\anime-web\upload\img\thumbnail\ざつ旅-That's Journey-.avif
5月 26, 2025 10:04:14 午後 com.example.web.etc.sta.Log log
警告: File not found: D:\make\java\20240729\web\content\anime-web\upload\img\thumbnail\名探偵コナン.avif
5月 26, 2025 10:04:14 午後 com.example.web.etc.sta.Log log
警告: File not found: D:\make\java\20240729\web\content\anime-web\upload\img\thumbnail\ボールパークでつかまえて！.avif
5月 26, 2025 10:04:14 午後 com.example.web.etc.sta.Log log
警告: File not found: D:\make\java\20240729\web\content\anime-web\upload\img\thumbnail\俺は星間国家の悪徳領主！.avif
5月 26, 2025 10:04:14 午後 com.example.web.etc.sta.Log log
警告: File not found: D:\make\java\20240729\web\content\anime-web\upload\img\thumbnail\ロックは淑女の嗜みでして　.avif
5月 26, 2025 10:04:14 午後 com.example.web.etc.sta.Log log
警告: File not found: D:\make\java\20240729\web\content\anime-web\upload\img\thumbnail\土曜プレミアム.avif
5月 26, 2025 10:04:14 午後 com.example.web.etc.sta.Log log
警告: File not found: D:\make\java\20240729\web\content\anime-web\upload\img\thumbnail\逃げ上手の若君.avif
5月 26, 2025 10:04:14 午後 com.example.web.etc.sta.Log log
警告: File not found: D:\make\java\20240729\web\content\anime-web\upload\img\thumbnail\呪術廻戦.avif
5月 26, 2025 10:04:14 午後 com.example.web.etc.sta.Log log
警告: File not found: D:\make\java\20240729\web\content\anime-web\upload\img\thumbnail\俺だけレベルアップな件.avif
5月 26, 2025 10:04:14 午後 com.example.web.etc.sta.Log log
警告: File not found: D:\make\java\20240729\web\content\anime-web\upload\img\thumbnail\株式会社マジルミエ.avif
5月 26, 2025 10:04:14 午後 com.example.web.etc.sta.Log log
警告: File not found: D:\make\java\20240729\web\content\anime-web\upload\img\thumbnail\ジョジョの奇妙な冒険.avif
5月 26, 2025 10:04:14 午後 com.example.web.etc.sta.Log log
警告: File not found: D:\make\java\20240729\web\content\anime-web\upload\img\thumbnail\カウボーイビバップ.avif
5月 26, 2025 10:04:14 午後 com.example.web.etc.sta.Log log
警告: File not found: D:\make\java\20240729\web\content\anime-web\upload\img\thumbnail\青のミブロ.avif
5月 26, 2025 10:04:14 午後 com.example.web.etc.sta.Log log
警告: File not found: D:\make\java\20240729\web\content\anime-web\upload\img\thumbnail\王様ランキング.avif
5月 26, 2025 10:04:14 午後 com.example.web.etc.sta.Log log
警告: File not found: D:\make\java\20240729\web\content\anime-web\upload\img\thumbnail\全力ウサギ.avif
5月 26, 2025 10:04:14 午後 com.example.web.etc.sta.Log log
警告: File not found: D:\make\java\20240729\web\content\anime-web\upload\img\thumbnail\こちら葛飾区亀有公園前派出所.avif
5月 26, 2025 10:04:14 午後 com.example.web.etc.sta.Log log
警告: File not found: D:\make\java\20240729\web\content\anime-web\upload\img\thumbnail\アンデッドアンラック.avif
5月 26, 2025 10:04:14 午後 com.example.web.etc.sta.Log log
警告: File not found: D:\make\java\20240729\web\content\anime-web\upload\img\thumbnail\鋼の錬金術師.avif
5月 26, 2025 10:04:14 午後 com.example.web.etc.sta.Log log
警告: File not found: D:\make\java\20240729\web\content\anime-web\upload\img\thumbnail\地獄楽.avif
5月 26, 2025 10:04:14 午後 com.example.web.etc.sta.Log log
警告: File not found: D:\make\java\20240729\web\content\anime-web\upload\img\thumbnail\東京喰種トーキョーグール：re（最終章）.avif
5月 26, 2025 10:04:14 午後 com.example.web.etc.sta.Log log
警告: File not found: D:\make\java\20240729\web\content\anime-web\upload\img\thumbnail\黄昏アウトフォーカス.avif
5月 26, 2025 10:04:16 午後 com.example.web.etc.sta.Log log
警告: File not found: D:\make\java\20240729\web\content\anime-web\upload\img\thumbnail\アイカツプラネット！.avif
5月 26, 2025 10:04:16 午後 com.example.web.etc.sta.Log log
警告: File not found: D:\make\java\20240729\web\content\anime-web\upload\img\thumbnail\アイカツフレンズ！.avif
5月 26, 2025 10:04:16 午後 com.example.web.etc.sta.Log log
警告: File not found: D:\make\java\20240729\web\content\anime-web\upload\img\thumbnail\アイドリープライド.avif
5月 26, 2025 10:04:16 午後 com.example.web.etc.sta.Log log
警告: File not found: D:\make\java\20240729\web\content\anime-web\upload\img\thumbnail\アイ★チュウ.avif
5月 26, 2025 10:04:16 午後 com.example.web.etc.sta.Log log
警告: File not found: D:\make\java\20240729\web\content\anime-web\upload\img\thumbnail\アイカツスターズ！.avif
5月 26, 2025 10:04:16 午後 com.example.web.etc.sta.Log log
警告: File not found: D:\make\java\20240729\web\content\anime-web\upload\img\thumbnail\アイドルタイムプリパラ.avif
5月 26, 2025 10:04:16 午後 com.example.web.etc.sta.Log log
警告: File not found: D:\make\java\20240729\web\content\anime-web\upload\img\thumbnail\アイドル天使ようこそようこ.avif
5月 26, 2025 10:04:16 午後 com.example.web.etc.sta.Log log
警告: File not found: D:\make\java\20240729\web\content\anime-web\upload\img\thumbnail\アイドールズ.avif
5月 26, 2025 10:04:16 午後 com.example.web.etc.sta.Log log
警告: File not found: D:\make\java\20240729\web\content\anime-web\upload\img\thumbnail\アークナイツ.avif
5月 26, 2025 10:04:16 午後 com.example.web.etc.sta.Log log
警告: File not found: D:\make\java\20240729\web\content\anime-web\upload\img\thumbnail\わんだふるぷりきゅあ！.avif
5月 26, 2025 10:04:16 午後 com.example.web.etc.sta.Log log
警告: File not found: D:\make\java\20240729\web\content\anime-web\upload\img\thumbnail\その着せ替え人形は恋をする.avif
5月 26, 2025 10:04:16 午後 com.example.web.etc.sta.Log log
警告: File not found: D:\make\java\20240729\web\content\anime-web\upload\img\thumbnail\魔法つかいプリキュア！！　～ＭＩＲＡＩ　ＤＡＹＳ～.avif
5月 26, 2025 10:04:16 午後 com.example.web.etc.sta.Log log
警告: File not found: D:\make\java\20240729\web\content\anime-web\upload\img\thumbnail\ひろがるスカイ！プリキュア.avif
5月 26, 2025 10:04:16 午後 com.example.web.etc.sta.Log log
警告: File not found: D:\make\java\20240729\web\content\anime-web\upload\img\thumbnail\忍者と殺し屋のふたりぐらし.avif
5月 26, 2025 10:04:16 午後 com.example.web.etc.sta.Log log
警告: File not found: D:\make\java\20240729\web\content\anime-web\upload\img\thumbnail\ざつ旅-That's Journey-.avif
5月 26, 2025 10:04:16 午後 com.example.web.etc.sta.Log log
警告: File not found: D:\make\java\20240729\web\content\anime-web\upload\img\thumbnail\片田舎のおっさん、剣聖になる.avif
5月 26, 2025 10:04:16 午後 com.example.web.etc.sta.Log log
警告: File not found: D:\make\java\20240729\web\content\anime-web\upload\img\thumbnail\ロックは淑女の嗜みでして　.avif
5月 26, 2025 10:04:16 午後 com.example.web.etc.sta.Log log
警告: File not found: D:\make\java\20240729\web\content\anime-web\upload\img\thumbnail\デリシャスパーティ・プリキュア.avif
5月 26, 2025 10:04:16 午後 com.example.web.etc.sta.Log log
警告: File not found: D:\make\java\20240729\web\content\anime-web\upload\img\thumbnail\クッキンアイドル　アイ！マイ！まいん！.avif
5月 26, 2025 10:04:16 午後 com.example.web.etc.sta.Log log
警告: File not found: D:\make\java\20240729\web\content\anime-web\upload\img\thumbnail\mono.avif
5月 26, 2025 10:04:16 午後 com.example.web.etc.sta.Log log
警告: File not found: D:\make\java\20240729\web\content\anime-web\upload\img\thumbnail\俺は星間国家の悪徳領主！.avif
5月 26, 2025 10:04:16 午後 com.example.web.etc.sta.Log log
警告: File not found: D:\make\java\20240729\web\content\anime-web\upload\img\thumbnail\ボールパークでつかまえて！.avif
5月 26, 2025 10:04:16 午後 com.example.web.etc.sta.Log log
警告: File not found: D:\make\java\20240729\web\content\anime-web\upload\img\thumbnail\小市民シリーズ.avif
5月 26, 2025 10:04:16 午後 com.example.web.etc.sta.Log log
警告: File not found: D:\make\java\20240729\web\content\anime-web\upload\img\thumbnail\名探偵コナン.avif
5月 26, 2025 10:04:16 午後 com.example.web.etc.sta.Log log
警告: File not found: D:\make\java\20240729\web\content\anime-web\upload\img\thumbnail\アポカリプスホテル.avif
5月 26, 2025 10:04:16 午後 com.example.web.etc.sta.Log log
警告: File not found: D:\make\java\20240729\web\content\anime-web\upload\img\thumbnail\Ｄｒ．ＳＴＯＮＥ.avif
5月 26, 2025 10:04:16 午後 com.example.web.etc.sta.Log log
警告: File not found: D:\make\java\20240729\web\content\anime-web\upload\img\thumbnail\アンデッドアンラック.avif
5月 26, 2025 10:04:16 午後 com.example.web.etc.sta.Log log
警告: File not found: D:\make\java\20240729\web\content\anime-web\upload\img\thumbnail\青のミブロ.avif
5月 26, 2025 10:04:16 午後 com.example.web.etc.sta.Log log
警告: File not found: D:\make\java\20240729\web\content\anime-web\upload\img\thumbnail\王様ランキング.avif
5月 26, 2025 10:04:16 午後 com.example.web.etc.sta.Log log
警告: File not found: D:\make\java\20240729\web\content\anime-web\upload\img\thumbnail\呪術廻戦.avif
5月 26, 2025 10:04:16 午後 com.example.web.etc.sta.Log log
警告: File not found: D:\make\java\20240729\web\content\anime-web\upload\img\thumbnail\株式会社マジルミエ.avif
5月 26, 2025 10:04:16 午後 com.example.web.etc.sta.Log log
警告: File not found: D:\make\java\20240729\web\content\anime-web\upload\img\thumbnail\俺だけレベルアップな件.avif
5月 26, 2025 10:04:16 午後 com.example.web.etc.sta.Log log
警告: File not found: D:\make\java\20240729\web\content\anime-web\upload\img\thumbnail\地獄楽.avif
5月 26, 2025 10:04:16 午後 com.example.web.etc.sta.Log log
警告: File not found: D:\make\java\20240729\web\content\anime-web\upload\img\thumbnail\こちら葛飾区亀有公園前派出所.avif
5月 26, 2025 10:04:16 午後 com.example.web.etc.sta.Log log
警告: File not found: D:\make\java\20240729\web\content\anime-web\upload\img\thumbnail\全力ウサギ.avif
5月 26, 2025 10:04:16 午後 com.example.web.etc.sta.Log log
警告: File not found: D:\make\java\20240729\web\content\anime-web\upload\img\thumbnail\カウボーイビバップ.avif
5月 26, 2025 10:04:16 午後 com.example.web.etc.sta.Log log
警告: File not found: D:\make\java\20240729\web\content\anime-web\upload\img\thumbnail\黄昏アウトフォーカス.avif
5月 26, 2025 10:04:16 午後 com.example.web.etc.sta.Log log
警告: File not found: D:\make\java\20240729\web\content\anime-web\upload\img\thumbnail\ジョジョの奇妙な冒険.avif
5月 26, 2025 10:04:16 午後 com.example.web.etc.sta.Log log
警告: File not found: D:\make\java\20240729\web\content\anime-web\upload\img\thumbnail\鋼の錬金術師.avif
5月 26, 2025 10:04:16 午後 com.example.web.etc.sta.Log log
警告: File not found: D:\make\java\20240729\web\content\anime-web\upload\img\thumbnail\土曜プレミアム.avif
5月 26, 2025 10:04:16 午後 com.example.web.etc.sta.Log log
警告: File not found: D:\make\java\20240729\web\content\anime-web\upload\img\thumbnail\逃げ上手の若君.avif
5月 26, 2025 10:04:16 午後 com.example.web.etc.sta.Log log
警告: File not found: D:\make\java\20240729\web\content\anime-web\upload\img\thumbnail\東京喰種トーキョーグール：re（最終章）.avif
5月 26, 2025 10:04:16 午後 com.example.web.etc.sta.Log log
警告: File not found: D:\make\java\20240729\web\content\anime-web\upload\img\thumbnail\Ｄｒ．ＳＴＯＮＥ.avif
5月 26, 2025 10:04:16 午後 com.example.web.etc.sta.Log log
警告: File not found: D:\make\java\20240729\web\content\anime-web\upload\img\thumbnail\アンデッドアンラック.avif
