#
# There is insufficient memory for the Java Runtime Environment to continue.
# Native memory allocation (mmap) failed to map 1610612736 bytes. Error detail: G1 virtual space
# Possible reasons:
#   The system is out of physical RAM or swap space
#   This process is running with CompressedOops enabled, and the Java Heap may be blocking the growth of the native heap
# Possible solutions:
#   Reduce memory load on the system
#   Increase physical memory or swap space
#   Check if swap backing store is full
#   Decrease Java heap size (-Xmx/-Xms)
#   Decrease number of Java threads
#   Decrease Java thread stack sizes (-Xss)
#   Set larger code cache with -XX:ReservedCodeCacheSize=
# This output file may be truncated or incomplete.
#
#  Out of Memory Error (os_windows.cpp:3631), pid=7988, tid=30332
#
# JRE version:  (22.0.1+8) (build )
# Java VM: Java HotSpot(TM) 64-Bit Server VM (22.0.1+8-16, mixed mode, sharing, tiered, compressed oops, compressed class ptrs, g1 gc, windows-amd64)
# No core dump will be written. Minidumps are not enabled by default on client versions of Windows
#

---------------  S U M M A R Y ------------

Command Line: D:\make\java\20240729\web\build\libs\web-0.0.1-SNAPSHOT.jar --server.port=8082

Host: 13th Gen Intel(R) Core(TM) i9-13900K, 32 cores, 95G,  Windows 11 , 64 bit Build 26100 (10.0.26100.7309)
Time: Sun Jan 11 11:00:11 2026  Windows 11 , 64 bit Build 26100 (10.0.26100.7309) elapsed time: 1.239630 seconds (0d 0h 0m 1s)

---------------  T H R E A D  ---------------

Current thread (0x0000017e608c9940):  JavaThread "Unknown thread" [_thread_in_vm, id=30332, stack(0x0000000428800000,0x0000000428900000) (1024K)]

Stack: [0x0000000428800000,0x0000000428900000]
Native frames: (J=compiled Java code, j=interpreted, Vv=VM code, C=native code)
V  [jvm.dll+0x6e2279]  (no source info available)
V  [jvm.dll+0x874e33]  (no source info available)
V  [jvm.dll+0x87725e]  (no source info available)
V  [jvm.dll+0x877933]  (no source info available)
V  [jvm.dll+0x27fd76]  (no source info available)
V  [jvm.dll+0x6de915]  (no source info available)
V  [jvm.dll+0x6d341a]  (no source info available)
V  [jvm.dll+0x3589da]  (no source info available)
V  [jvm.dll+0x360f06]  (no source info available)
V  [jvm.dll+0x3b3e2e]  (no source info available)
V  [jvm.dll+0x3b40d8]  (no source info available)
V  [jvm.dll+0x32c59c]  (no source info available)
V  [jvm.dll+0x32d158]  (no source info available)
V  [jvm.dll+0x83ccdc]  (no source info available)
V  [jvm.dll+0x3c0d71]  (no source info available)
V  [jvm.dll+0x825ccc]  (no source info available)
V  [jvm.dll+0x45b8fe]  (no source info available)
V  [jvm.dll+0x45d781]  (no source info available)
C  [jli.dll+0x52a3]  (no source info available)
C  [ucrtbase.dll+0x37b0]  (no source info available)
C  [KERNEL32.DLL+0x2e8d7]  (no source info available)
C  [ntdll.dll+0x8c53c]  (no source info available)


---------------  P R O C E S S  ---------------

Threads class SMR info:
_java_thread_list=0x00007fff0a5cb1c8, length=0, elements={
}

Java Threads: ( => current thread )
Total: 0

Other Threads:
  0x0000017e7ad10700 WorkerThread "GC Thread#0"                     [id=24152, stack(0x0000000428900000,0x0000000428a00000) (1024K)]
  0x0000017e609614f0 ConcurrentGCThread "G1 Main Marker"            [id=19120, stack(0x0000000428a00000,0x0000000428b00000) (1024K)]
  0x0000017e60961e10 WorkerThread "G1 Conc#0"                       [id=3220, stack(0x0000000428b00000,0x0000000428c00000) (1024K)]

[error occurred during error reporting (printing all threads), id 0xc0000005, EXCEPTION_ACCESS_VIOLATION (0xc0000005) at pc=0x00007fff09d1f367]
VM state: not at safepoint (not fully initialized)

VM Mutex/Monitor currently owned by a thread:  ([mutex/lock_event])
[0x00007fff0a64bcb8] Heap_lock - owner thread: 0x0000017e608c9940

Heap address: 0x0000001001000000, size: 24528 MB, Compressed Oops mode: Non-zero disjoint base: 0x0000001000000000, Oop shift amount: 3

CDS archive(s) mapped at: [0x0000000000000000-0x0000000000000000-0x0000000000000000), size 0, SharedBaseAddress: 0x0000000800000000, ArchiveRelocationMode: 1.
Narrow klass base: 0x0000000000000000, Narrow klass shift: 0, Narrow klass range: 0x0

GC Precious Log:
 CardTable entry size: 512
 Card Set container configuration: InlinePtr #cards 3 size 8 Array Of Cards #cards 128 size 272 Howl #buckets 8 coarsen threshold 29491 Howl Bitmap #cards 4096 size 528 coarsen threshold 3686 Card regions per heap region 1 cards per card region 32768

Heap:
 garbage-first heap   total reserved 25116672K, committed 0K, used 0K [0x0000001001000000, 0x00000015fe000000)
  region size 16384K, 0 young (0K), 0 survivors (0K)

[error occurred during error reporting (printing heap information), id 0xc0000005, EXCEPTION_ACCESS_VIOLATION (0xc0000005) at pc=0x00007fff0a11e429]
GC Heap History (0 events):
No events

Dll operation events (1 events):
Event: 0.006 Loaded shared library C:\Program Files\Java\jdk-22\bin\java.dll

Deoptimization events (0 events):
No events

Classes loaded (0 events):
No events

Classes unloaded (0 events):
No events

Classes redefined (0 events):
No events

Internal exceptions (0 events):
No events

ZGC Phase Switch (0 events):
No events

VM Operations (0 events):
No events

Events (0 events):
No events


Dynamic libraries:
0x00007ff7fa410000 - 0x00007ff7fa420000 	C:\Program Files\Java\jdk-22\bin\java.exe
0x00007fffdba40000 - 0x00007fffdbca7000 	C:\WINDOWS\SYSTEM32\ntdll.dll
0x00007fffda3f0000 - 0x00007fffda4b9000 	C:\WINDOWS\System32\KERNEL32.DLL
0x00007fffd8f40000 - 0x00007fffd932f000 	C:\WINDOWS\System32\KERNELBASE.dll
0x00007fffd9470000 - 0x00007fffd95bb000 	C:\WINDOWS\System32\ucrtbase.dll
0x00007fffc09c0000 - 0x00007fffc09d7000 	C:\Program Files\Java\jdk-22\bin\jli.dll
0x00007fffbec30000 - 0x00007fffbec4b000 	C:\Program Files\Java\jdk-22\bin\VCRUNTIME140.dll
0x00007fffda7c0000 - 0x00007fffda874000 	C:\WINDOWS\System32\ADVAPI32.dll
0x00007fffdb800000 - 0x00007fffdb8a9000 	C:\WINDOWS\System32\msvcrt.dll
0x00007fffd9b70000 - 0x00007fffd9c16000 	C:\WINDOWS\System32\sechost.dll
0x00007fffda4c0000 - 0x00007fffda5d8000 	C:\WINDOWS\System32\RPCRT4.dll
0x00007fffd99a0000 - 0x00007fffd9b65000 	C:\WINDOWS\System32\USER32.dll
0x00007fffd8dc0000 - 0x00007fffd8de7000 	C:\WINDOWS\System32\win32u.dll
0x00007fffd9c30000 - 0x00007fffd9c5b000 	C:\WINDOWS\System32\GDI32.dll
0x00007fffbe820000 - 0x00007fffbeab3000 	C:\WINDOWS\WinSxS\amd64_microsoft.windows.common-controls_6595b64144ccf1df_6.0.26100.7309_none_3e05feeae336a044\COMCTL32.dll
0x00007fffd9340000 - 0x00007fffd946c000 	C:\WINDOWS\System32\gdi32full.dll
0x00007fffd9730000 - 0x00007fffd97d3000 	C:\WINDOWS\System32\msvcp_win.dll
0x00007fffd19d0000 - 0x00007fffd19db000 	C:\WINDOWS\SYSTEM32\VERSION.dll
0x00007fffdaef0000 - 0x00007fffdaf21000 	C:\WINDOWS\System32\IMM32.DLL
0x00007fffbd070000 - 0x00007fffbd07c000 	C:\Program Files\Java\jdk-22\bin\vcruntime140_1.dll
0x00007fffad7d0000 - 0x00007fffad85e000 	C:\Program Files\Java\jdk-22\bin\msvcp140.dll
0x00007fff099e0000 - 0x00007fff0a727000 	C:\Program Files\Java\jdk-22\bin\server\jvm.dll
0x00007fffda880000 - 0x00007fffda8f4000 	C:\WINDOWS\System32\WS2_32.dll
0x00007fffd8840000 - 0x00007fffd889e000 	C:\WINDOWS\SYSTEM32\POWRPROF.dll
0x00007fffcb630000 - 0x00007fffcb665000 	C:\WINDOWS\SYSTEM32\WINMM.dll
0x00007fffd8820000 - 0x00007fffd8834000 	C:\WINDOWS\SYSTEM32\UMPDC.dll
0x00007fffd7860000 - 0x00007fffd787b000 	C:\WINDOWS\SYSTEM32\kernel.appcore.dll
0x00007fffbd060000 - 0x00007fffbd06a000 	C:\Program Files\Java\jdk-22\bin\jimage.dll
0x00007fffd5f60000 - 0x00007fffd61a2000 	C:\WINDOWS\SYSTEM32\DBGHELP.DLL
0x00007fffdaad0000 - 0x00007fffdae55000 	C:\WINDOWS\System32\combase.dll
0x00007fffdaf30000 - 0x00007fffdb006000 	C:\WINDOWS\System32\OLEAUT32.dll
0x00007fffbb8b0000 - 0x00007fffbb8ec000 	C:\WINDOWS\SYSTEM32\dbgcore.DLL
0x00007fffd8d10000 - 0x00007fffd8db5000 	C:\WINDOWS\System32\bcryptPrimitives.dll
0x00007fffad7b0000 - 0x00007fffad7ce000 	C:\Program Files\Java\jdk-22\bin\java.dll
0x00007fffd9c60000 - 0x00007fffda3b3000 	C:\WINDOWS\System32\SHELL32.dll
0x00007fffd95c0000 - 0x00007fffd972a000 	C:\WINDOWS\System32\wintypes.dll
0x00007fffd9800000 - 0x00007fffd9997000 	C:\WINDOWS\System32\ole32.dll

dbghelp: loaded successfully - version: 4.0.5 - missing functions: none
symbol engine: initialized successfully - sym options: 0x614 - pdb path: .;C:\Program Files\Java\jdk-22\bin;C:\WINDOWS\SYSTEM32;C:\WINDOWS\WinSxS\amd64_microsoft.windows.common-controls_6595b64144ccf1df_6.0.26100.7309_none_3e05feeae336a044;C:\Program Files\Java\jdk-22\bin\server

VM Arguments:
java_command: D:\make\java\20240729\web\build\libs\web-0.0.1-SNAPSHOT.jar --server.port=8082
java_class_path (initial): D:\make\java\20240729\web\build\libs\web-0.0.1-SNAPSHOT.jar
Launcher Type: SUN_STANDARD

[Global flags]
     intx CICompilerCount                          = 15                                        {product} {ergonomic}
     uint ConcGCThreads                            = 6                                         {product} {ergonomic}
     uint G1ConcRefinementThreads                  = 23                                        {product} {ergonomic}
   size_t G1HeapRegionSize                         = 16777216                                  {product} {ergonomic}
   size_t InitialHeapSize                          = 1610612736                                {product} {ergonomic}
   size_t MarkStackSize                            = 4194304                                   {product} {ergonomic}
   size_t MaxHeapSize                              = 25719472128                               {product} {ergonomic}
   size_t MinHeapDeltaBytes                        = 16777216                                  {product} {ergonomic}
   size_t MinHeapSize                              = 16777216                                  {product} {ergonomic}
    uintx NonNMethodCodeHeapSize                   = 8192380                                {pd product} {ergonomic}
    uintx NonProfiledCodeHeapSize                  = 121732930                              {pd product} {ergonomic}
    uintx ProfiledCodeHeapSize                     = 121732930                              {pd product} {ergonomic}
    uintx ReservedCodeCacheSize                    = 251658240                              {pd product} {ergonomic}
     bool SegmentedCodeCache                       = true                                      {product} {ergonomic}
   size_t SoftMaxHeapSize                          = 25719472128                            {manageable} {ergonomic}
     bool UseCompressedOops                        = true                           {product lp64_product} {ergonomic}
     bool UseG1GC                                  = true                                      {product} {ergonomic}
     bool UseLargePagesIndividualAllocation        = false                                  {pd product} {ergonomic}

Logging:
Log output configuration:
 #0: stdout all=warning uptime,level,tags foldmultilines=false
 #1: stderr all=off uptime,level,tags foldmultilines=false

Environment Variables:
PATH=C:\Program Files\Meta Horizon\Support\oculus-runtime;C:\Program Files\NVIDIA GPU Computing Toolkit\CUDA\v12.4\bin;C:\Program Files\NVIDIA GPU Computing Toolkit\CUDA\v12.4\libnvvp;C:\Program Files\NVIDIA GPU Computing Toolkit\CUDA\v12.5\bin;C:\Program Files\NVIDIA GPU Computing Toolkit\CUDA\v12.5\libnvvp;C:\Program Files\Common Files\Oracle\Java\javapath;C:\ffmpeg-master-latest-win64-gpl\bin;C:\php;C:\WINDOWS\system32;C:\WINDOWS;C:\WINDOWS\System32\Wbem;C:\WINDOWS\System32\WindowsPowerShell\v1.0\;C:\WINDOWS\System32\OpenSSH\;C:\Program Files\Tailscale\;C:\Program Files (x86)\NVIDIA Corporation\PhysX\Common;C:\app\gradle\bin;C:\kakasi\bin;D:\DTV\ffmpeg-N-100616-gca21cb1e36-win64-gpl\bin;C:\app\spring-3.0.13\bin;C:\app\gradle;C:\app\gradle\bin;C:\Program Files\MySQL\MySQL Server 8.0\bin;C:\Program Files\Git\cmd;C:\cygwin64\bin;C:\Program Files\NVIDIA Corporation\Nsight Compute 2024.1.1\;C:\Program Files\dotnet\;C:\ffmpeg-master-latest-win64-gpl\windows-artifacts;C:\Program Files\NVIDIA Corporation\NVIDIA app\NvDLISR;C:\Program Files (x86)\Windows Kits\10\Windows Performance Toolkit\;D:\soft\anaconda;D:\soft\anaconda\Library\mingw-w64\bin;D:\soft\anaconda\Library\usr\bin;D:\soft\anaconda\Library\bin;D:\soft\anaconda\Scripts;D:\softs\anaconda;D:\softs\anaconda\Library\mingw-w64\bin;D:\softs\anaconda\Library\usr\bin;D:\softs\anaconda\Library\bin;D:\softs\anaconda\Scripts;C:\Users\muu4\AppData\Local\Microsoft\WindowsApps;C:\Users\muu4\AppData\Local\Programs\Microsoft VS Code\bin;C:\ffmpeg-master-latest-win64-gpl\bin;D:\soft\cmd\wget;C:\app\yt-dlp;C:\app\NVENC\NVEncC\x64;C:\Users\muu4\.dotnet\tools;A:\MySQL\bin;
USERNAME=muu4
OS=Windows_NT
PROCESSOR_IDENTIFIER=Intel64 Family 6 Model 183 Stepping 1, GenuineIntel
TMP=C:\Users\muu4\AppData\Local\Temp
TEMP=C:\Users\muu4\AppData\Local\Temp




Periodic native trim disabled

---------------  S Y S T E M  ---------------

OS:
 Windows 11 , 64 bit Build 26100 (10.0.26100.7309)
OS uptime: 0 days 13:50 hours
Hyper-V role detected

CPU: total 32 (initial active 32) (16 cores per cpu, 2 threads per core) family 6 model 183 stepping 1 microcode 0x12b, cx8, cmov, fxsr, ht, mmx, 3dnowpref, sse, sse2, sse3, ssse3, sse4.1, sse4.2, popcnt, lzcnt, tsc, tscinvbit, avx, avx2, aes, erms, clmul, bmi1, bmi2, adx, sha, fma, vzeroupper, clflush, clflushopt, clwb, hv, serialize, rdtscp, rdpid, fsrm, f16c, cet_ibt, cet_ss
Processor Information for all 32 processors :
  Max Mhz: 3000, Current Mhz: 3000, Mhz Limit: 3000

Memory: 4k page, system-wide physical 98079M (73268M free)
TotalPageFile size 108079M (AvailPageFile size 1355M)
current process WorkingSet (physical memory assigned to process): 14M, peak: 14M
current process commit charge ("private bytes"): 108M, peak: 1644M

vm_info: Java HotSpot(TM) 64-Bit Server VM (22.0.1+8-16) for windows-amd64 JRE (22.0.1+8-16), built on 2024-03-12T10:33:16Z by "mach5one" with MS VC++ 17.6 (VS2022)

END.
